// Jest Snapshot v1, https://goo.gl/fbAQLP

exports[`<Footer /> renders the <Footer /> with populated data 1`] = `
<div
  class="footer__Container-qu6i6-0 fuYOwI"
>
  <p
    class="footer__Title-qu6i6-5 elTBmj"
  >
    Questions? Contact us.
  </p>
  <p
    class="footer__Break-qu6i6-6 bMqiUq"
  />
  <div
    class="footer__Row-qu6i6-2 icgRzu"
  >
    <div
      class="footer__Column-qu6i6-1 esmRZN"
    >
      <a
        class="footer__Link-qu6i6-3 fSjAoN"
        href="#"
      >
        FAQ
      </a>
      <a
        class="footer__Link-qu6i6-3 fSjAoN"
        href="#"
      >
        Investor Relations
      </a>
      <a
        class="footer__Link-qu6i6-3 fSjAoN"
        href="#"
      >
        Ways to Watch
      </a>
      <a
        class="footer__Link-qu6i6-3 fSjAoN"
        href="#"
      >
        Corporate Information
      </a>
      <a
        class="footer__Link-qu6i6-3 fSjAoN"
        href="#"
      >
        Netflix Originals
      </a>
    </div>
    <div
      class="footer__Column-qu6i6-1 esmRZN"
    >
      <a
        class="footer__Link-qu6i6-3 fSjAoN"
        href="#"
      >
        Help Centre
      </a>
      <a
        class="footer__Link-qu6i6-3 fSjAoN"
        href="#"
      >
        Jobs
      </a>
      <a
        class="footer__Link-qu6i6-3 fSjAoN"
        href="#"
      >
        Terms of Use
      </a>
      <a
        class="footer__Link-qu6i6-3 fSjAoN"
        href="#"
      >
        Contact Us
      </a>
    </div>
    <div
      class="footer__Column-qu6i6-1 esmRZN"
    >
      <a
        class="footer__Link-qu6i6-3 fSjAoN"
        href="#"
      >
        Account
      </a>
      <a
        class="footer__Link-qu6i6-3 fSjAoN"
        href="#"
      >
        Redeem gift cards
      </a>
      <a
        class="footer__Link-qu6i6-3 fSjAoN"
        href="#"
      >
        Privacy
      </a>
      <a
        class="footer__Link-qu6i6-3 fSjAoN"
        href="#"
      >
        Speed Test
      </a>
    </div>
    <div
      class="footer__Column-qu6i6-1 esmRZN"
    >
      <a
        class="footer__Link-qu6i6-3 fSjAoN"
        href="#"
      >
        Media Centre
      </a>
      <a
        class="footer__Link-qu6i6-3 fSjAoN"
        href="#"
      >
        Buy gift cards
      </a>
      <a
        class="footer__Link-qu6i6-3 fSjAoN"
        href="#"
      >
        Cookie Preferences
      </a>
      <a
        class="footer__Link-qu6i6-3 fSjAoN"
        href="#"
      >
        Legal Notices
      </a>
    </div>
  </div>
  <p
    class="footer__Break-qu6i6-6 bMqiUq"
  />
  <p
    class="footer__Text-qu6i6-4 cfpdTg"
  >
    Netflix United Kingdom
  </p>
</div>
`;
